src/App.tsx(1,8): error TS6133: 'React' is declared but its value is never read.
src/App.tsx(1,27): error TS6133: 'useContext' is declared but its value is never read.
src/App.tsx(2,10): error TS2305: Module '"react-native"' has no exported member 'View'.
src/App.tsx(2,16): error TS2305: Module '"react-native"' has no exported member 'Text'.
src/App.tsx(2,16): error TS6133: 'Text' is declared but its value is never read.
src/App.tsx(2,22): error TS2305: Module '"react-native"' has no exported member 'StyleSheet'.
src/App.tsx(2,34): error TS2305: Module '"react-native"' has no exported member 'SafeAreaView'.
src/App.tsx(2,48): error TS2305: Module '"react-native"' has no exported member 'StatusBar'.
src/App.tsx(2,59): error TS2305: Module '"react-native"' has no exported member 'Platform'.
src/App.tsx(2,59): error TS6133: 'Platform' is declared but its value is never read.
src/App.tsx(3,50): error TS6133: 'Link' is declared but its value is never read.
src/App.tsx(3,56): error TS6133: 'useLocation' is declared but its value is never read.
src/App.tsx(5,1): error TS6192: All imports in import declaration are unused.
src/App.tsx(20,1): error TS6133: 'GlassView' is declared but its value is never read.
src/App.tsx(42,27): error TS7053: Element implicitly has an 'any' type because expression of type 'string' can't be used to index type '{ light: { colors: { primary: string; background: string; card: string; text: string; textSecondary: string; border: string; notification: string; danger: string; success: string; warning: string; glassBorder: string; glassBackground: string; }; spacing: { ...; }; borderRadius: { ...; }; shadows: { ...; }; }; dark: ...'.
  No index signature with a parameter of type 'string' was found on type '{ light: { colors: { primary: string; background: string; card: string; text: string; textSecondary: string; border: string; notification: string; danger: string; success: string; warning: string; glassBorder: string; glassBackground: string; }; spacing: { ...; }; borderRadius: { ...; }; shadows: { ...; }; }; dark: ...'.
src/App.tsx(98,26): error TS7053: Element implicitly has an 'any' type because expression of type 'string' can't be used to index type '{ light: { colors: { primary: string; background: string; card: string; text: string; textSecondary: string; border: string; notification: string; danger: string; success: string; warning: string; glassBorder: string; glassBackground: string; }; spacing: { ...; }; borderRadius: { ...; }; shadows: { ...; }; }; dark: ...'.
  No index signature with a parameter of type 'string' was found on type '{ light: { colors: { primary: string; background: string; card: string; text: string; textSecondary: string; border: string; notification: string; danger: string; success: string; warning: string; glassBorder: string; glassBackground: string; }; spacing: { ...; }; borderRadius: { ...; }; shadows: { ...; }; }; dark: ...'.
src/App.tsx(102,10): error TS2552: Cannot find name 'UserContext'. Did you mean 'useContext'?
src/App.tsx(138,11): error TS2552: Cannot find name 'UserContext'. Did you mean 'useContext'?
src/components/BackgroundGradient.tsx(2,10): error TS2305: Module '"react-native"' has no exported member 'View'.
src/components/BackgroundGradient.tsx(2,16): error TS2305: Module '"react-native"' has no exported member 'StyleSheet'.
src/components/BackgroundGradient.tsx(2,28): error TS2305: Module '"react-native"' has no exported member 'Dimensions'.
src/components/BackgroundGradient.tsx(2,40): error TS2305: Module '"react-native"' has no exported member 'Image'.
src/components/GlassView.tsx(2,10): error TS2305: Module '"react-native"' has no exported member 'View'.
src/components/GlassView.tsx(2,16): error TS2305: Module '"react-native"' has no exported member 'StyleSheet'.
src/components/GlassView.tsx(2,28): error TS2305: Module '"react-native"' has no exported member 'Platform'.
src/components/GlassView.tsx(2,38): error TS2305: Module '"react-native"' has no exported member 'ViewProps'.
src/components/GlassView.tsx(2,49): error TS2305: Module '"react-native"' has no exported member 'Pressable'.
src/components/GlassView.tsx(2,60): error TS2305: Module '"react-native"' has no exported member 'Animated'.
src/components/TabBar.tsx(1,1): error TS6133: 'React' is declared but its value is never read.
src/components/TabBar.tsx(2,10): error TS2305: Module '"react-native"' has no exported member 'View'.
src/components/TabBar.tsx(2,16): error TS2305: Module '"react-native"' has no exported member 'StyleSheet'.
src/index.tsx(1,10): error TS2305: Module '"react-native"' has no exported member 'AppRegistry'.
src/screens/CalendarScreen.tsx(1,8): error TS6133: 'React' is declared but its value is never read.
src/screens/CalendarScreen.tsx(2,10): error TS2305: Module '"react-native"' has no exported member 'View'.
src/screens/CalendarScreen.tsx(2,16): error TS2305: Module '"react-native"' has no exported member 'Text'.
src/screens/CalendarScreen.tsx(2,22): error TS2305: Module '"react-native"' has no exported member 'StyleSheet'.
src/screens/CalendarScreen.tsx(2,34): error TS2305: Module '"react-native"' has no exported member 'ScrollView'.
src/screens/CalendarScreen.tsx(2,46): error TS2305: Module '"react-native"' has no exported member 'TouchableOpacity'.
src/screens/CalendarScreen.tsx(2,64): error TS2305: Module '"react-native"' has no exported member 'Alert'.
src/screens/CalendarScreen.tsx(2,64): error TS6133: 'Alert' is declared but its value is never read.
src/screens/CalendarScreen.tsx(5,22): error TS6133: 'CalendarIcon' is declared but its value is never read.
src/screens/ChatScreen.tsx(1,8): error TS6133: 'React' is declared but its value is never read.
src/screens/ChatScreen.tsx(2,10): error TS2305: Module '"react-native"' has no exported member 'View'.
src/screens/ChatScreen.tsx(2,16): error TS2305: Module '"react-native"' has no exported member 'Text'.
src/screens/ChatScreen.tsx(2,22): error TS2305: Module '"react-native"' has no exported member 'StyleSheet'.
src/screens/ChatScreen.tsx(2,34): error TS2305: Module '"react-native"' has no exported member 'ScrollView'.
src/screens/ChatScreen.tsx(2,46): error TS2305: Module '"react-native"' has no exported member 'TextInput'.
src/screens/ChatScreen.tsx(2,57): error TS2305: Module '"react-native"' has no exported member 'TouchableOpacity'.
src/screens/ChatScreen.tsx(2,75): error TS2305: Module '"react-native"' has no exported member 'KeyboardAvoidingView'.
src/screens/ChatScreen.tsx(2,97): error TS2305: Module '"react-native"' has no exported member 'Platform'.
src/screens/ChatScreen.tsx(2,107): error TS2305: Module '"react-native"' has no exported member 'ActivityIndicator'.
src/screens/ChatScreen.tsx(38,32): error TS2339: Property 'scrollToEnd' does not exist on type 'never'.
src/screens/DiaryScreen.tsx(1,8): error TS6133: 'React' is declared but its value is never read.
src/screens/DiaryScreen.tsx(2,10): error TS2305: Module '"react-native"' has no exported member 'View'.
src/screens/DiaryScreen.tsx(2,16): error TS2305: Module '"react-native"' has no exported member 'Text'.
src/screens/DiaryScreen.tsx(2,22): error TS2305: Module '"react-native"' has no exported member 'StyleSheet'.
src/screens/DiaryScreen.tsx(2,34): error TS2305: Module '"react-native"' has no exported member 'ScrollView'.
src/screens/DiaryScreen.tsx(2,46): error TS2305: Module '"react-native"' has no exported member 'TouchableOpacity'.
src/screens/DiaryScreen.tsx(2,64): error TS2305: Module '"react-native"' has no exported member 'TextInput'.
src/screens/DiaryScreen.tsx(2,75): error TS2305: Module '"react-native"' has no exported member 'KeyboardAvoidingView'.
src/screens/DiaryScreen.tsx(2,97): error TS2305: Module '"react-native"' has no exported member 'Platform'.
src/screens/DiaryScreen.tsx(5,30): error TS6133: 'Edit3' is declared but its value is never read.
src/screens/FlashcardsScreen.tsx(1,8): error TS6133: 'React' is declared but its value is never read.
src/screens/FlashcardsScreen.tsx(2,10): error TS2305: Module '"react-native"' has no exported member 'View'.
src/screens/FlashcardsScreen.tsx(2,16): error TS2305: Module '"react-native"' has no exported member 'Text'.
src/screens/FlashcardsScreen.tsx(2,22): error TS2305: Module '"react-native"' has no exported member 'StyleSheet'.
src/screens/FlashcardsScreen.tsx(2,34): error TS2305: Module '"react-native"' has no exported member 'TouchableOpacity'.
src/screens/FlashcardsScreen.tsx(2,52): error TS2305: Module '"react-native"' has no exported member 'Animated'.
src/screens/FlashcardsScreen.tsx(2,62): error TS2305: Module '"react-native"' has no exported member 'Dimensions'.
src/screens/FlashcardsScreen.tsx(2,74): error TS2305: Module '"react-native"' has no exported member 'Platform'.
src/screens/FlashcardsScreen.tsx(2,84): error TS2305: Module '"react-native"' has no exported member 'Modal'.
src/screens/FlashcardsScreen.tsx(2,91): error TS2305: Module '"react-native"' has no exported member 'TextInput'.
src/screens/FlashcardsScreen.tsx(2,102): error TS2305: Module '"react-native"' has no exported member 'ScrollView'.
src/screens/FlashcardsScreen.tsx(6,10): error TS6133: 'RotateCw' is declared but its value is never read.
src/screens/FlashcardsScreen.tsx(6,47): error TS6133: 'Plus' is declared but its value is never read.
src/screens/FlashcardsScreen.tsx(7,1): error TS6133: 'AIService' is declared but its value is never read.
src/screens/FlashcardsScreen.tsx(13,25): error TS6133: 'setFlashcards' is declared but its value is never read.
src/screens/LandingScreen.tsx(1,8): error TS6133: 'React' is declared but its value is never read.
src/screens/LandingScreen.tsx(2,10): error TS2305: Module '"react-native"' has no exported member 'View'.
src/screens/LandingScreen.tsx(2,16): error TS2305: Module '"react-native"' has no exported member 'Text'.
src/screens/LandingScreen.tsx(2,22): error TS2305: Module '"react-native"' has no exported member 'StyleSheet'.
src/screens/LandingScreen.tsx(2,34): error TS2305: Module '"react-native"' has no exported member 'ScrollView'.
src/screens/LandingScreen.tsx(2,46): error TS2305: Module '"react-native"' has no exported member 'TouchableOpacity'.
src/screens/LandingScreen.tsx(2,46): error TS6133: 'TouchableOpacity' is declared but its value is never read.
src/screens/SettingsScreen.tsx(1,8): error TS6133: 'React' is declared but its value is never read.
src/screens/SettingsScreen.tsx(2,10): error TS2305: Module '"react-native"' has no exported member 'View'.
src/screens/SettingsScreen.tsx(2,16): error TS2305: Module '"react-native"' has no exported member 'Text'.
src/screens/SettingsScreen.tsx(2,22): error TS2305: Module '"react-native"' has no exported member 'StyleSheet'.
src/screens/SettingsScreen.tsx(2,34): error TS2305: Module '"react-native"' has no exported member 'TextInput'.
src/screens/SettingsScreen.tsx(2,45): error TS2305: Module '"react-native"' has no exported member 'ScrollView'.
src/screens/SettingsScreen.tsx(2,57): error TS2305: Module '"react-native"' has no exported member 'Alert'.
src/screens/SettingsScreen.tsx(2,57): error TS6133: 'Alert' is declared but its value is never read.
src/screens/SettingsScreen.tsx(4,1): error TS6133: 'UserContext' is declared but its value is never read.
src/screens/SettingsScreen.tsx(66,32): error TS2304: Cannot find name 'userName'.
src/screens/SettingsScreen.tsx(67,39): error TS2304: Cannot find name 'setUserName'.
src/screens/SettingsScreen.tsx(80,32): error TS2304: Cannot find name 'backgroundImage'.
src/screens/SettingsScreen.tsx(81,40): error TS7006: Parameter 'text' implicitly has an 'any' type.
src/screens/SettingsScreen.tsx(81,49): error TS2304: Cannot find name 'setBackgroundImage'.
src/screens/StatsScreen.tsx(1,8): error TS6133: 'React' is declared but its value is never read.
src/screens/StatsScreen.tsx(2,10): error TS2305: Module '"react-native"' has no exported member 'View'.
src/screens/StatsScreen.tsx(2,16): error TS2305: Module '"react-native"' has no exported member 'Text'.
src/screens/StatsScreen.tsx(2,22): error TS2305: Module '"react-native"' has no exported member 'StyleSheet'.
src/screens/StatsScreen.tsx(2,34): error TS2305: Module '"react-native"' has no exported member 'ScrollView'.
src/screens/StudyDumpScreen.tsx(1,8): error TS6133: 'React' is declared but its value is never read.
src/screens/StudyDumpScreen.tsx(2,10): error TS2305: Module '"react-native"' has no exported member 'View'.
src/screens/StudyDumpScreen.tsx(2,16): error TS2305: Module '"react-native"' has no exported member 'Text'.
src/screens/StudyDumpScreen.tsx(2,22): error TS2305: Module '"react-native"' has no exported member 'StyleSheet'.
src/screens/StudyDumpScreen.tsx(2,34): error TS2305: Module '"react-native"' has no exported member 'TouchableOpacity'.
src/screens/StudyDumpScreen.tsx(2,52): error TS2305: Module '"react-native"' has no exported member 'ScrollView'.
src/screens/StudyDumpScreen.tsx(2,64): error TS2305: Module '"react-native"' has no exported member 'Alert'.
src/screens/StudyDumpScreen.tsx(2,64): error TS6133: 'Alert' is declared but its value is never read.
src/screens/StudyDumpScreen.tsx(2,71): error TS2305: Module '"react-native"' has no exported member 'Modal'.
src/screens/StudyDumpScreen.tsx(2,78): error TS2305: Module '"react-native"' has no exported member 'TextInput'.
src/screens/StudyDumpScreen.tsx(6,66): error TS6133: 'File' is declared but its value is never read.
src/screens/StudyDumpScreen.tsx(7,1): error TS6133: 'AIService' is declared but its value is never read.
src/screens/SyllabusScreen.tsx(1,8): error TS6133: 'React' is declared but its value is never read.
src/screens/SyllabusScreen.tsx(2,10): error TS2305: Module '"react-native"' has no exported member 'View'.
src/screens/SyllabusScreen.tsx(2,16): error TS2305: Module '"react-native"' has no exported member 'Text'.
src/screens/SyllabusScreen.tsx(2,22): error TS2305: Module '"react-native"' has no exported member 'StyleSheet'.
src/screens/SyllabusScreen.tsx(2,34): error TS2305: Module '"react-native"' has no exported member 'ScrollView'.
src/screens/SyllabusScreen.tsx(2,46): error TS2305: Module '"react-native"' has no exported member 'TouchableOpacity'.
src/screens/SyllabusScreen.tsx(2,64): error TS2305: Module '"react-native"' has no exported member 'TextInput'.
src/screens/TimerScreen.tsx(1,8): error TS6133: 'React' is declared but its value is never read.
src/screens/TimerScreen.tsx(2,10): error TS2305: Module '"react-native"' has no exported member 'View'.
src/screens/TimerScreen.tsx(2,16): error TS2305: Module '"react-native"' has no exported member 'Text'.
src/screens/TimerScreen.tsx(2,22): error TS2305: Module '"react-native"' has no exported member 'StyleSheet'.
src/screens/TimerScreen.tsx(2,34): error TS2305: Module '"react-native"' has no exported member 'TouchableOpacity'.
src/screens/TimerScreen.tsx(2,52): error TS2305: Module '"react-native"' has no exported member 'Dimensions'.
src/screens/TimerScreen.tsx(2,64): error TS2305: Module '"react-native"' has no exported member 'TextInput'.
src/screens/TimerScreen.tsx(2,75): error TS2305: Module '"react-native"' has no exported member 'Modal'.
src/screens/TimerScreen.tsx(5,34): error TS6133: 'Music' is declared but its value is never read.
src/screens/TimerScreen.tsx(5,50): error TS6133: 'ImageIcon' is declared but its value is never read.
